10minutemail.com
1337x.to
24.kg
4freerussia.org
4pda.ru
4pda.to
4pda.ws
4pna.com
5sim.net
7dniv.rv.ua
7tv.app
7tv.io
9tv.co.il
a360.co
ab.chatgpt.com
abercrombie.com
abook-club.ru
abs-0.twimg.com
academy.terrasoft.ua
access.broadcom.com
account.jetbrains.com
accounts.autodesk.com
accounts.scdn.co
accounts.spotify.com
accounts.supercell.com
accounts.x.ai
account.wbgames.com
activatica.org
adafruit.com
adbappcontrol.com
adguard.com
adidas.com
adminforge.de
admin.instagram.com
adobe.activate.com
adobe.com
adobe.de
adobedtm.com
adobeereg.com
adobegenuine.com
adobe.io
adobe.ipp
adobejanus.com
adobelogin.com
adobe.net
adobe.newoa
adobe.ntp
ads-twitter.com
adultmult.tv
aet.spotify.com
afcs.dellcdn.com
affinity.studio
aftermarket.schaeffler.com
aftermarket.zf.com
agents.media
ahrefs.com
ai-chat.bsg.brave.com
ai.com
ai.google.dev
aircanada.com
aisandbox-pa.googleapis.com
aistudiocdn.com
aistudio.google.com
aitestkitchen.withgoogle.com
ajay.app
akc.org
alberta.ca
alkalimakersuite-pa.clients6.google.com
alkalimining-pa.googleapis.com
all3dp.com
allegro.pl
alphacoders.com
alterportal.net
alza.hu
amazfitwatchfaces.com
amazon.com
amdm.ru
amedia.site
amnezia.org
amplitude.com
amx.com
analog.com
andrevi.ch
android.chat.openai.com
android.clients.google.com
anidub.com
aniliberty.top
anilib.me
anilibria.org
anilibria.tv
anilibria.uno
anilibria.wtf
animaunt.org
animebest.org
animedia.tv
animego.org
anime-portal.su
animespirit.ru
anistar.org
anistars.ru
annas-archive.org
ansys.com
anthropic.com
antigravity.google
antizapret.prostovpn.org
any.do
aol.com
api16-normal-alisg.mchost.guru
api.anthropic.com
api.app.prod.grazie.aws.intellij.net
api.elevenlabs.io
api.fitbit.com
api-free.deepl.com
api.github.com
api.githubcopilot.com
api-global.squareup.com
api.groq.com
api.home-connect.com
api.imgur.com
api.individual.githubcopilot.com
api.instagram.com
api.jetbrains.ai
api.manus.im
api.openai.com
api-partner.spotify.com
api.radarr.video
api.service-kp.com
api-sg-central.trae.ai
api.spotify.com
api.squareup.com
api.theins.info
api.themoviedb.org
api.tidal.com
api.trae.ai
api.us.elevenlabs.io
api-v2.soundcloud.com
apkmirror.com
aplawrence.com
app.m3u.in
app.paraswap.io
appstorrent.ru
app.zerossl.com
apt.releases.hashicorp.com
aqicn.org
arbat.media
archiveofourown.org
archive.ph
archlinux.org
arc.intel.com
arc.net
arduino.cc
artifacts.elastic.co
artixlinux.org
artstation.com
as6723.net
assets.grok.com
assets.heroku.com
assistant-s3-pa.googleapis.com
atlassian.com
atn.ua
atomic.stream.voidboost.cc
attachments.f95zone.to
att.com
atv4.dnskp.cc
audiobookbay.lu
augmentcode.com
auth0.openai.com
auth.deepl.com
auth.grazie.ai
auth.openai.com
auth.tidal.com
autocad.com
autodesk360.com
autodesk.com
autodesk.io
autodesk.net
autodiscover.instagram.com
avira.com
a-vrv.akamaized.net
azathabar.com
azattyq.org
babook.org
backend.deepl.com
baginya.org
baikal-journal.ru
bard.google.com
bato.to
bbc.com
bbc.co.uk
bbci.co.uk
bcbits.com
beacons.gvt2.com
beammp.com
beamng.com
beamng.gmbh
beamng.tech
beatmods.com
beatsaver.com
bellingcat.com
bell-sw.com
bestbuy.com
bestchange.ru
bihus.info
b.i.instagram.com
bitbucket.org
bitcoin.org
bitdefender.com
bitnami.com
bitru.org
black.instagram.com
blackseanews.net
blinkshot.io
blog.business.instagram.com
blog.instagram.com
bluehost.com
bng.gg
booktracker.org
boominfo.org
boosteroid.com
booth.pm
booth.pximg.net
boschaftermarket.com
boschautoparts.com
bosch.com
bosch-home.com
botnadzor.org
bradyid.com
brawlstarsgame.com
britishcouncil.org
broadcom.com
broncosportforum.com
bsmanager.io
bt4gprx.com
btdig.com
btod.com
buanzo.org
buf.build
bufferbloat.net
builds.parsec.app
bungiestore.com
business.instagram.com
buymeacoffee.com
byteoversea.com
calendar.notion.so
canva.com
canva.dev
capacitorjs.com
capcut.com
capcutstatic.com
capcutvod.com
carnegieendowment.org
carrefouruae.com
cats.com
cbilling.eu
cbilling.vip
cdn.auth0.com
cdn.betterttv.net
cdnbunny.org
cdn.id.supercell.com
cdninstagram.com
cdnjs.com
cdn-lfs-eu-1.hf.co
cdn-lfs.hf.co
cdn-lfs.huggingface.co
cdn-lfs-us-1.hf.co
cdn.oaistatic.com
cdn-telegram.org
cdn.web-platform.io
cdromance.org
cdw.com
censor.net
censortracker.org
certifytheweb.com
chaos.com
character.ai
chat.com
chatgpt.com
chatgpt.livekit.cloud
chat.openai.com
chat.openai.com.cdn.cloudflare.net
chaturbate.com
check-host.net
checkout.buckaroo.nl
checkout.www.deepl.com
cherta.media
chess.com
chesscomfiles.com
chub.ai
circlecrewpinkcrowd.com
ciscobinary.openh264.org
cisco.com
cisecurity.org
citrix.com
clamav.net
clashofclans.com
clashofclans.inbox.supercell.com
clashroyaleapp.com
clashverge.dev
claude.ai
claude.com
clearance.deepl.com
clerk.com
clerk.dev
clevelandclinic.org
clickup-attachments.com
clickup.com
clickup-eu.com
clickup-prod.com
clickup-sg.com
client-api.linear.app
clients6.google.com
clip.opus.pro
cloudflare.com
cloudflare-dns.com
cloudflare-ech.com
cloudflarestatus.com
cloudfront.net
cloudmatchbeta.nvidiagrid.net
cloud.mongodb.com
cloudtorrents.com
cms-twdigitalassets.com
cnd2exp.online
cochrane.org
cock.li
code.gist.build
codeium.com
threads.com
codelinaro.org
coderabbit.ai
code-with-me.global.jetbrains.com
cohere.ai
coingate.com
coinpayments.net
coinsbee.com
coldfilm.city
coldfilm.ink
coldfilm.xyz
colta.ru
comments.app
community.cisco.com
community.instagram.com
community.sophos.com
connectivitycheck.gstatic.com
connect.ngrok-agent.com
console.anthropic.com
console.groq.com
constellation.linear.app
contabo.com
content-management-files.canva.com
contest.com
controlplane.tailscale.com
coomer.su
copilot.microsoft.com
copilot-proxy.githubusercontent.com
corsair.com
coursera.org
cpu-monkey.com
crdroid.net
credly.com
croxyproxy.com
crunchyroll.com
csskor.ill.in.ua
cub.red
currenttime.tv
curseforge.com
cursor.com
cursorinfo.co.il
customfw.xyz
cvedetails.com
cyberghostvpn.com
cyxymu.info
czx.to
daemon-tools.cc
dailylviv.com
danbooru.donmai.us
database.clamav.net
datacamp.com
data-cdn.mbamupdates.com
data.cline.bot
datalore.jetbrains.com
d.docs.live.net
dds.dell.com
dd.tidal.com
deckbrew.xyz
decrypt.day
deepl.com
deepmind.com
deepmind.google
deepstatemap.live
deezer.com
delfi.lt
delfi.lv
delivery.2d.net.co
dellcdn.com
dell.com
depositphotos.com
desec.io
designer.microsoft.com
designify.com
developer.nvidia.com
developers.instagram.com
devexpress.com
deviantart.com
devops.com
diabrowser.com
dict.deepl.com
digash.live
digikey.com
digitalcontent.sky
digitalocean.com
discogs.com
discord-activities.com
discordactivities.com
discordapp.com
discordapp.net
discord-attachments-uploads-prd.storage.googleapis.com
discordcdn.com
discord.co
discord.com
discord.design
discord.dev
discord.gg
discord.gift
discord.gifts
discord.me
discord.media
discordmerch.com
discord.new
discordpartygames.com
discordsays.com
discordstatus.com
discord.store
discord.tools
discourse-cdn.com
discours.io
disctech.com
dis.gd
disneyplus.com
dist.torproject.org
dl.tailscale.com
docker.elastic.co
docs.liquibase.com
docs.redis.com
document360.com
document360.io
documentation.meraki.com
dokploy.com
dorama.live
doramalive.ru
doramy.club
dovod.online
download3.omnissa.com
download.jetbrains.com
download.lenovo.com
download.manjaro.org
download.screamingfrog.co.uk
downloads.gtnewhorizons.com
download.wetransfer.com
doxa.team
dpidetector.org
dreamhost.com
dreamina.capcut.com
driver.gaomon.net
drpool.io
d.rutor.info
ds-servers.com
dub.sh
ducati.com
dumka.media
dvprogram.state.gov
dw.com
dyson.com
dyson.fr
dzcdn.net
e4mc.link
e621.net
eaaccounts.akamaized.net
easydmarc.com
easylist-downloads.adblockplus.org
echofm.online
edge.microsoft.com
edgeservices.bing.com
editorx.com
edu-cisco.org
edx.org
ef.com
ef.edu
eggertspiele.de
e-hentai.org
ej.ru
ekhokavkaza.com
element14.com
elements.envato.com
elevenlabs.io
elevenreader.io
elgato.com
encore.scdn.co
eneba.com
epidemz.net.co
eporner.com
errortracking.deepl.com
espreso.tv
essential.gg
etahub.com
etsy.com
eu.posthog.com
euronews.com
euroradio.fm
eutrp.eu
event.on24.com
everand.com
exchanger.bits.media
exler.es
exler.ru
expandrive.com
experimentation.deepl.com
experimentation-grpc.deepl.com
expres.online
extremetech.com
ezgif.com
f1.com
f95-zone.to
f95zone.to
facebook.com
facebook.net
fansly.com
fast.com
fastpic.org
fast-torrent.club
fbcdn.net
fb.com
fbsbx.com
feed.rutracker.cc
feeds.feedburner.com
fex.net
ficbook.net
filebin.net
files.manus.cdn
files.oaiusercontent.com
filmitorrent.net
filmix.ac
filmix.biz
filmix.day
filmix.fan
filmix.fm
filmix.la
fingerium.stream.voidboost.cc
firefly-ps.adobe.io
fitbit.google.com
fitbit-pa.googleapis.com
fitbitvestibuleshim-pa.googleapis.com
flathub.org
flclash.cc
flibusta.is
flibusta.net
flipboard.com
flir.com
flir.eu
flisland.net
flourish.studio
fls.guru
fluke.com
flukenetworks.com
flyertalk.com
fn-volga.ru
fonge.org
footballapi.pulselive.com
force.com
force-user-content.com
forgecdn.net
forklog.com
fork.pet
formula1.com
fortanga.org
forum.netgate.com
forum.ru-board.com
forum.syncthing.net
forum.voynaplemyon.com
fosshub.com
fossorial.io
foxnews.com
fragment.com
framer.com
freedomletters.org
freeimages.com
freemedia.io
freeones.com
friendlyelec.com
frontend-api-v3.pump.fun
fsn1.your-objectstorage.com
fsu.fa.tidal.com
fw-download.ubnt.com
fw-update.ubnt.com
fwupd.org
fxnetworks.com
g2a.com
g2g.com
gagadget.com
gallerycdn.vsassets.io
gallery.zetalliance.org
gamea.clashofclans.com
game-assets.brawlstarsgame.com
game-assets.clashofclans.com
game-assets.clashroyaleapp.com
game.brawlstarsgame.com
game.clashroyaleapp.com
gamedistribution.com
game.mocogame.com
game.squadbustersgame.com
gamesrepack.com
gamestop.com
gaming.amazon.com
geforcenow.com
gelbooru.com
geller-pa.googleapis.com
gemini.google
gemini.google.com
generativeai.google
generativelanguage.googleapis.com
geni.us
genius.com
genspark.ai
geolocation.onetrust.com
germania.one
getoutline.com
getoutline.org
gew1-dealer.spotify.com
gew1-spclient.spotify.com
gfn.am
ggpht.com
ghostrc.game.idtech.services
gifyu.com
github.com
githubcopilot.com
gitlab.io
git.new
glavred.info
glavred.net
gllto.glpals.com
global.fncstatic.com
glpals.com
gnome-look.org
gnome.org
godaddy.com
gofile.io
gofundme.com
golosameriki.com
gonitro.com
goodreads.com
google.co.in
google.com
google.dev
googleplay.com
googletagmanager.com
googlevideo.com
gopro.com
gordonua.com
gpsonextra.net
gpu-monkey.com
gql.twitch.tv
grafana.com
grammarly.com
grani.ru
graph.org
graph.whatsapp.com
graph.whatsapp.net
gr-assets.com
graty.me
graylog.org
grazie.ai
grizzlysms.com
grok.com
grokusercontent.com
groq.com
groupon.com
gtagarage.com
gtm.deepl.com
guidedhacking.com
guilded.gg
gulagu.net
gvt1.com
habr.com
hackernoon.com
hackmd.io
halooglasi.com
hashicorp.com
hath.network
haydaygame.com
hbomax.com
hchk.io
hc-ping.com
hdkinoteatr.com
hdrezka.ac
hdrezka.ag
hdrezka.app
hdrezka.me
hdrezka.tech
hd-rezka.tv
hdrezka.tv
hdrzk.org
hdstudio.org
healthline.com
heavyfetish.com
helm.releases.hashicorp.com
help.elevenlabs.io
help.instagram.com
heltec.org
hentai-foundry.com
herokucdn.com
hetzner.cloud
hetzner.com
hitomi.la
hollisterco.com
holod.media
home.by.me
home-connect.com
hostgator.com
hostinger.com
host.livekit.cloud
hotels.com
housebrand.com
hqporner.com
hromadske.ua
hs.fi
htmhell.dev
httptoolkit.com
htx.com
huggingface.co
hume.ai
hybrid-analysis.com
hyperhost.ua
hyperlapse.instagram.com
ibm.com
ibytedtos.com
ichef.bbci.co.uk
id.cisco.com
i.dell.com
idelreal.org
iditelesombase.org
iedb.org
ig.me
ign.com
iherb.com
iichan.hk
i.instagram.com
ikea.com
ilook.tv
imagedelivery.net
images.instagram.com
images.pump.fun
images.tidal.com
image.tmdb.org
imgbb.com
imgur.com
imigo.ai
important-stories.com
indeed.com
indiehackers.com
inference.codeium.com
infineon.com
inoreader.com
insearch.site
instagram.com
install.launcher.omniverse.nvidia.com
intel.com
intel.de
intelix.sophos.com
intel.nl
interactivebrokers.co.uk
interfax.com.ua
internalfb.com
intuit.com
intuitibits.com
ionos.com
ios.chat.openai.com
iot334.com
ipburger.com
ipinfo.app
iptv.online
i.sakh.com
is.fi
island-of-pleasure.site
istories.media
ita-free.app.deepl.com
ita-free.www.deepl.com
itch.io
itch.zone
itninja.com
itsmycity.ru
ixxx.com
izzysoft.de
jamf.com
jellyfin.org
jetbrains.ai
jetbrains.com
jetbrains.space
jinxxy.com
jnn-pa.googleapis.com
joeysretrohandhelds.com
jskor.ill.in.ua
jules.google
jules.google.com
jut.su
jut-su.net
jw.org
jw-russia.org
k1-api.wbagora.com
kaktus.media
kaleido.ai
kamatera.com
kara.su
karing.app
kasparov.ru
kavkazr.com
kavkaz-uzel.eu
kde.org
kemono.cr
kemono.su
keysight.com
kilo.ai
kilocode.ai
kinogo.ec
kinogo.la
kinogo.uk
kino.pub
kinopub.me
kinovod.net
kinozal.guru
kinozal.me
kinozal.tv
kinozaltv.life
klarna.com
kmail-lists.com
knews.kg
knowledge.broadcom.com
knowyourmeme.com
kolsar.org
kor.ill.in.ua
korrespondent.net
kovcheg.live
kpapp.link
krymr.com
kupujemprodajem.com
kym-cdn.com
kyoceradocumentsolutions.com
labs.google
lambdalabs.com
lamcdn.net
langdock.com
lantern.io
ldoceonline.com
leafletjs.com
legalshield.com
lenovo.com
lenso.ai
le-production.tv
lgeapi.com
lgthinq.com
lh3.googleusercontent.com
libgen.li
libgen.rs
libria.fun
lib.rus.ec
licdn.com
lidarr.audio
lifehacker.com
liga.net
lightning.ai
linear.app
lingq.com
linkedin.com
link.tidal.com
linktr.ee
l.instagram.com
linuxgsm.com
linuxiac.com
listen.tidal.com
livetv.sx
liveuamap.com
localbitcoins.com
localsend.org
locals.md
login5.spotify.com
login.amd.com
login.tidal.com
login-wall.deepl.com
lolz.guru
lookerstudio.google.com
lostfilm.download
lostfilm.tv
lostfilmtv2.site
lostfilm.tw
lostfilm.uno
lu4.org
lucid.app
lyst.com
m3u.in
macpaw.com
macvendors.com
magaz.global
magicalchemy.org
mail-api.proton.me
mailerlite.com
mailfence.com
mailinator.com
mailo.com
make.com
makersuite.google.com
malwarebytes.com
mangadex.org
mangahub.ru
mangapark.net
manjaro.org
manus.im
manybooks.net
manyvids.com
maps.instagram.com
marketplace.windsurf.com
marvelsnap.com
mashable.com
master.qt.io
mattermost.com
maven.neoforged.net
max.com
maximoff.su
mbk-news.appspot.com
mchost.guru
media.discordapp.net
mediazona.ca
medicalnewstoday.com
medium.com
meduza.io
mega.co.nz
mega.nz
megapeer.ru
megapeer.vip
memohrc.org
merezha.co
meshtastic.org
meta.ai
meta.com
metacritic.com
metal-archives.com
metallica-api.wbagora.com
meteo.paraplan.net
metla.press
metopera.org
mezha.net
middlewareinventory.com
midjourney.com
mignews.com
mintmobile.com
miracleptr.wordpress.com
mirror.chaotic.cx
mistral.ai
mixcloud.com
mobile.events.data.microsoft.com
modrinth.com
mongodb.com
monolisa.dev
monoprice.com
monster.ie
more.fm
moscowtimes.ru
mouser.com
mouser.fi
mrakopedia.net
mssg.me
m.strava.com
mullvad.net
multporn.net
muscdn.com
musical.ly
musicbrainz.org
musicgpt.com
music.youtube.com
musixmatch.com
mw2.wiki
myanimelist.net
mydoramy.club
myheritage.com
myjetbrains.com
myparallels.com
myqrcode.com
myworld-portal.leica-geosystems.com
navalny.com
nba.com
neformat.com.ua
neo4j.com
netacad.com
netapp.com
netbird.io
netflix.ca
netflix.com
netflixinvestor.com
netflix.net
netflixtechblog.com
netlify.com
networksolutions.com
new.abb.com
newark.com
news.google.com
newsroom.porsche.com
newsru.co.il
newsru.com
newtimes.ru
nextcloud.com
nexus.dell.com
nexusmods.com
nfl.com
nflxext.com
nflximg.com
nflximg.net
nflxsearch.net
nflxso.net
nflxvideo.net
ngrok.com
nhentai.com
nhentai.net
nhl.com
nih.gov
nike.com
nippon.com
nitropdf.com
nnmclub.to
nnmstatic.win
nordaccount.com
nordcdn.com
nordvpn.com
notebooklm.google
notebooklm.google.com
notepad-plus-plus.org
notion.com
notion-emojis.s3-us-west-2.amazonaws.com
notion.new
notion.site
notion.so
notion-static.com
novaline.fm
novayagazeta.eu
novayagazeta.ru
novaya.no
novyny.live
ntc.party
ntp.msn.com
nude-moon.org
nxp.com
nyaa.si
nyaa.tracker.wf
oaistatic.com
oaiusercontent.com
oasis.app
obozrevatel.com
ocbase.com
ocstore.com
octopus.do
oculus.com
ohmyswift.ru
oi.legal
okx.com
olx.ua
omnissa.com
omtrdc.net
omv-extras.org
one.one.one.one
oneshot-free.www.deepl.com
onfastspring.com
onlineradiobox.com
onlinesim.io
onlinesim.ru
onshape.com
openaiapi-site.azureedge.net
openai.com
openaicom-api-bdcpf8c6d2e9atf6.z01.azurefd.net
openai.com.cdn.cloudflare.net
openaicom.imgix.net
openaicomproductionae4b.blob.core.windows.net
openclaw.ai
opencode.ai
open-exp.spotifycdn.com
openh264.org
openmedia.io
openrailwaymap.org
openrouter.ai
opensanctions.org
opensea.io
open.spotify.com
opensubtitles.org
opentrackr.org
openwrt.org
openwrt.wk.cz
operator.chatgpt.com
o.pki.goog
opposition-news.com
oracle.com
os.mbed.com
ott.deepl.com
ovd.info
ovdinfo.org
ovd.legal
ovd.news
ovhcloud.com
ozodi.org
packages.gitlab.com
paddle.com
paddlestatus.com
pages.dev
pandasecurity.com
paperpaper.io
paperpaper.ru
pap.pl
parallelsaccess.com
parallels.cn
parallels.com
parallels.net
paritydeals.com
pastebin.com
path3.xtracloud.net
patreon.com
patreonusercontent.com
patriot.dp.ua
pay.buckaroo.nl
payment.deezer.com
paypal.com
pbs.twimg.com.cdn.cloudflare.net
pb.wtf
pcbway.com
pcbway.ru
pcgamesn.com
pcmag.com
pdq.com
penguin.com
penguinrandomhouse.com
periscope.tv
perplexity.ai
pexels.com
phncdn.com
phncdn.com.sds.rncdn7.com
php.su
pi.ai
piccy.info
pimpletv.ru
pingdom.com
pinterest.com
piratbit.top
pixabay.com
pixiv.net
pkgs.tailscale.com
plantuml.com
platform.activestate.com
platform.openai.com
platform.twitter.com
playboy.com
play-fe.googleapis.com
play-games.googleusercontent.com
play.googleapis.com
play.google.com
play-lh.googleusercontent.com
plugins.jetbrains.com
plugshare.com
poe.com
politico.eu
politiken.dk
polit.ru
polymarket.com
pornhub.com
pornhub.org
pornolab.net
portal.bgpmon.net
portal.lviv.ua
posle.media
posthog.com
postimees.ee
ppy.sh
pravda.com
pravda.com.ua
premierleague.com
primark.com
primevideo.com
primevue.org
privatekeys.pw
prnt.sc
proactivebackend-pa.googleapis.com
prod-lt-playstoregatewayadapter-pa.googleapis.com
prod-network-api.wbagora.com
production-openaicom-storage.azureedge.net
proekt.media
profile.broadcom.com
profitwell.com
pronouns.page
prosleduetmedia.com
prostovpn.org
protondb.com
protonmail.ch
protonmail.com
proton.me
protonvpn.com
provereno.media
prowlarr.com
proxy.individual.githubcopilot.com
proxyscrape.com
pscp.tv
psiphon.ca
public.linear.app
public.parsec.app
pump.fun
pvpessence.com
qt.io
qualcomm.com
quicknode.com
quiz.directory
quora.com
quora.com.cdn.cloudflare.net
qwant.com
r4.err.ee
radarr.servarr.com
radiojar.com
radiosakharov.org
radiosvoboda.org
ranger.stream.voidboost.cc
raw-data.gitlab.io
rbc.ua
rbxcdn.com
reactflow.dev
realbooru.com
realist.online
recraft.ai
reddit.com
reddxxx.com
redgifs.com
redis.com
redis.io
redislabs.com
redshieldvpn.com
redtube.com
refactoring.guru
refinitiv.com
registry.terraform.io
releases.hashicorp.com
remna.st
remove.bg
render-state.to
rentry.co
rentry.org
replicate.com
repo.mongodb.org
republic.ru
research.net
resizing.flixster.com
resources.tidal.com
resp.app
restream.io
returnyoutubedislikeapi.com
reve.art
rewards.bing.com
rezka.ag
rezka.cc
rezka.fi
rezka.land
rezka.my
rezka.tv
rezka-ua.in
rezkify.com
rezonans.media
rf.dobrochan.net
rferl.org
rima.media
riperam.org
riseup.net
roar-review.com
robinfrontend-pa.googleapis.com
roblox-api.arkoselabs.com
roblox.com
root-nation.com
roskomsvoboda.org
rottentomatoes.com
rpm.grafana.com
rublacklist.net
ru.depositphotos.com
ru.iherb.com
rule34.art
rule34.us
runetki.com
rule34.xxx
rulet.tv
ruscryde.net
rus.delfi.ee
rus.delfi.lv
rus.jauns.lv
russianfood.com
rustorka.com
rutor.info
rutor.is
rutor.org
rutracker.cc
rutracker.net
rutracker.org
rutracker.wiki
sakhalin.info
sakharovfoundation.org
salesforce.com
salesforce-experience.com
salesforce-hub.com
salesforceiq.com
salesforceliveagent.com
salesforce-scrt.com
salesforce-setup.com
salesforce-sites.com
sap.com
saverudata.info
saverudata.net
sb-cd.com
scdn.co
sci-hub.se
sci-hub.st
sc-jpl.com
scrollrevealjs.org
scryde10.net
scryde11.net
scryde12.net
scryde1.net
scryde2.net
scryde3.net
scryde4.net
scryde5.net
scryde6.net
scryde7.net
scryde8.net
scryde9.net
scryde.io
scryde.net
scryde.ru
scryde.world
sc-static.net
sdxcentral.com
searchfloor.org
seasonvar.ru
sebeanus.online
seconddinnertech.com
secure-web.cisco.com
security.id.supercell.com
seedoff.zannn.top
selezen.org
semnasem.org
semrush.com
sendgrid.net
sentry.dev
sentry.io
sephora.com
serpstat.com
servarr.com
server.codeium.com
services.gearboxsoftware.com
severreal.org
sfdcopens.com
shield.deepl.com
shift.services.gearbox.com
shikimori.me
shinyhardware.co.uk
shiza-project.com
shop.gameloft.com
showip.net
sibreal.org
signal.art
signal.org
signalusers.org
silabs.com
simplex.chat
simplex.im
simplix.info
sing-box.sagernet.org
singlekey-id.com
site.com
siteground.com
skat.media
sketchup.com
skiff.com
skladchik.com
sklatchiki.ru
skycdp.com
sky.com
skyscanner.com
slashlib.me
slavicsac.com
slideshare.net
slifki.biz
s.linear.app
smartbear.co
smartbear.com
smartdeploy.com
smods.ru
sms-activate.io
snapchat.com
snap.com
snapeda.com
snapgametech.com
snapgene.com
snapkit.com
snap-storage-cdn.l.google.com
sndcdn.com
snort.org
snyk.io
soapui.org
sobesednik.com
software.cisco.com
software-static.download.prss.microsoft.com
solarwinds.com
sonara.ai
sophos.com
sora.chatgpt.com
sora.com
sotaproject.com
soundcloud.cloud
soundcloud.com
sovanews.tv
sovetromantica.com
spacelift.io
spankbang.com
spclient.wg.spotify.com
speedtest.net
spektr.press
spiceworks.com
spiegel.de
spitfireaudio.com
spotifycdn.com
spotify.com
spreadthesign.com
sputnikipogrom.com
squadbustersgame.com
squareup.com
squietpc.com
stability.ai
stable.dl2.discordapp.net
startmail.com
startpage.com
static1.e621.net
static-assets-1.truthsocial.com
static.canva.com
static.files.bbci.co.uk
static.linear.app
static.lostfilm.top
static.microsoft
static.rutracker.cc
statology.org
status.discord.com
steamstat.info
stitch.withgoogle.com
st.kinovod.net
stockx.com
store.supercell.com
storybook.js.org
strana.news
strana.today
strapi.io
strava.com
streamable.com
stream.voidboost.cc
stulchik.net
succurity.com
suggestqueries.google.com
supercell.com
supersliv.biz
support.anydesk.com
support.broadcom.com
support.cambiumnetworks.com
support.huawei.com
support.ruckuswireless.com
support.xerox.com
surfshark.com
surveymonkey.com
suspilne.media
svidomi.in.ua
svoboda.org
svoi.kr.ua
svtv.org
swagger.io
swap-api.pump.fun
swapd.co
swissinfo.ch
sxyprn.com
sxyprn.net
sydney.bing.com
synoforum.com
sysdig.com
t3.chat
tableau.com
tailscale.com
talosintelligence.com
tayga.info
t.co
tcr9i.chat.openai.com
tdesktop.com
teamviewer.com
techbargains.com
technicalramblings.com
tefl.org
telega.one
telegraf.by
telegraf.news
telegram.app
telegram-cdn.org
telegram.com
telegram.dev
telegram.dog
telegram.me
telegram.org
telegram.space
telegra.ph
telegraph.co.uk
telemetr.io
telesco.pe
tellapart.com
tempmail.plus
temp-number.org
temu.com
terraform.io
test.dns.malw.link
te-st.org
tg.dev
theaudiodb.com
thebarentsobserver.com
thebell.io
theins.press
theins.ru
thelancet.com
themoscowtimes.com
themoviedb.org
thepiratebay.org
theporndude.com
thetruestory.news
thetvdb.com
the-village.ru
threads.net
threema.ch
ti.com
tidal.com
tik-tokapi.com
tiktokcdn.com
tiktokcdn-eu.com
tiktokcdn-us.com
tiktok.com
tiktokd.net
tiktokd.org
tiktokeu-cdn.com
tiktokrow-cdn.com
tiktokv.com
tiktokv.eu
tiktokv.us
tiktokw.eu
tiktokw.us
timberland.com
timberland.de
tinkercad.com
t-invariant.org
tiptop-vpn.com
tmdb.com
tmdb-image-prod.b-cdn.net
tmdb.org
t.me
tokenized.play.google.com
toolbox.app
tools.cisco.com
torproject.org
torrent.by
torrenteditor.com
torrentgalaxy.to
tracker.openbittorrent.com
tracker.opentrackr.org
trae.ai
trae-api-sg.mchost.guru
trailblazer.me
trailhead.com
tr.anidub.com
transferwise.com
trellix.com
tria.ge
trueachievements.com
trueblackmetalradio.com
truthsocial.com
tsmc.com
ttlivecdn.com
ttoverseaus.net
ttwstatic.com
tunemymusic.com
turbobit.net
turn.livekit.cloud
tuta.com
tuta.io
tutanota.com
tuyaaf.com
tuyacn.com
tuya.com
tuyaeu.com
tuya-inc.cn
tuyain.com
tuyaus.com
tvdevinfo.com
tvfreedom.io
tvrain.ru
tvrain.tv
tweetdeck.com
twimg.com
twinlife-systems.com
twin.me
twinme.com
twirpx.com
twitpic.com
twitter.biz
twitter.com
twittercommunity.com
twitterflightschool.com
twitterinc.com
twitter.jp
twitteroauth.com
twitterstat.us
twtrdns.net
twttr.com
twttr.net
twvid.com
tx.me
typing.com
uaudio.com
ubnt.com
udio.com
ufile.io
ui.com
ui.ill.in.ua
uizard.io
ukdevilz.com
ukrainer.net
ukrinform.net
ukr.net
ukr.radio
ukrtelcdn.net
underver.se
unfiltered.adguard-dns.com
unian.net
unian.ua
uniongang.tv
unleash.codeium.com
unscreen.com
unsplash.com
ununbium.stream.voidboost.cc
upload.instagram.com
uploads.linear.app
upsx.weather.com
upwork.com
urlr.me
usa.one
usatoday.com
userbenchmark.com
usercontent.dev
use.typekit.net
usher.ttvnw.net
us.posthog.com
v0.app
vagrantcloud.com
vak-sms.com
vectorworks.net
veeam.com
velocidrone.com
veritas.com
verstka.media
vesma.one
vesma.today
vesty.co.il
viber.com
vice.com
videos.openai.com
video.twimg.com.cdn.cloudflare.net
vine.co
vipdrive.net
vipergirls.to
visualcapitalist.com
vmware.com
vndb.org
voanews.com
vod-fy.crunchyrollcdn.com
vod.streamgum.com
voidboost.cc
volkswagen-classic-parts.com
vot-tak.tv
vpngate.net
vpngen.org
vpnlove.me
vpnpay.io
vrchat.cloud
vrchat.com
vrv.co
v.vrv.co
vyos.io
walmart.com
wa.me
warnerbrosgames.com
watchguard.com
watermarkremover.io
w.atwiki.jp
wbagora.com
wbgames.com
wbinsights.com
w.deepl.com
weather.com
web.archive.org
web-backend.codeium.com
webchannel-alkalimakersuite-pa.clients6.google.com
weblance.com.ua
webmd.com
webnames.ca
webrtc.chatgpt.com
webtoons.com
weebly.com
welt.de
wetransfer.com
whatsapp.biz
whatsappbrand.com
whatsapp.cc
whatsapp.com
whatsapp.info
whatsapp.net
whatsapp.org
whatsapp-plus.info
whatsapp-plus.me
whatsapp-plus.net
whatsapp.tv
wheather.com
whispersystems.org
white.instagram.com
whoer.net
wide-youtube.l.google.com
widgetapp.stream
wikidot.com
wiki.fextralife.com
wilsoncenter.org
windguru.cz
windows10spotlight.com
windowsupdate.com
windsurf.com
windsurf-stable.codeium.com
windsurf-telemetry.codeium.com
wise.com
wixmp.com
wonderzine.com
wpengine.com
write-free.www.deepl.com
wunderground.com
wwnd.space
www2.deepl.com
www3.corsair.com
www.analog.com
www.autodesk.com
www.canva.com
www.deepl.com
www.deezer.com
www.dell.com
www.digikey.com
www.discord.com
www.dyson.com
www.dyson.fr
www.elgato.com
www-growth.scdn.co
www.hetzner.com
www.hrw.org
www.instagram.com
www.intel.com
www.jabra.com
www.microchip.com
www.mongodb.com
www.notion.so
www.patreon.com
www.postfix.org
www.qualcomm.com
www.qwant.com
www.smashwords.com
www.spotify.com
www.stalker2.com
www.support.xerox.com
www.ti.com
www.tiktok.com
www.torproject.org
www.wikiart.org
www.youtube.com
x.ai
x.com
xgpuwebf2p.gssv-play-prod.xboxlive.com
xgpuweb.gssv-play-prod.xboxlive.com
xhamster.com
xhamsterlive.com
xhcdn.com
xiaomi.eu
x-minus.pro
xnxx3.com
xnxx-cdn.com
xnxx.com
xnxx.net
xnxx-ru.com
xnxx.tv
xraycore.org
xsts.auth.xboxlive.com
xtracloud.net
xvideos-cdn.com
xvideos.com
xv-ru.com
yande.re
yarnpkg.com
yeggi.com
yle.fi
you.com
youngliving.com
youtrack.cloud
youtu.be
youtube.com
youtubeembeddedplayer.googleapis.com
youtube.googleapis.com
youtubei.googleapis.com
youtubekids.com
youtube-nocookie.com
youtube-ui.l.google.com
yt3.ggpht.com
yt3.googleusercontent.com
yt.be
ytimg.com
ytimg.l.google.com
yting.com
yt-video-upload.l.google.com
yummyani.me
yupp.ai
zahav.ru
zapier.com
zaxid.net
zbigz.com
zedge.net
zendesk.com
zerkalo.io
zerotier.com
znanija.com
zohomail.com
zolika1351.pages.dev
zona.media
z-p42-chat-e2ee-ig.facebook.com
api.telegram.org
web.telegram.org
